// Jest Snapshot v1, https://goo.gl/fbAQLP

exports[`teste de snapshot 1`] = `[Function]`;
